n/aaradhya1276.png
n/aaradhya1275.png
n/aaradhya1274.png
n/aaradhya1273.png
n/aaradhya1272.png
n/aaradhya1271.png
n/aaradhya1270.png
n/aaradhya1269.png
n/aaradhya1268.png
n/aaradhya1267.png
n/aaradhya1266.png
n/aaradhya1265.png
n/aaradhya1264.png
n/aaradhya1263.png
n/aaradhya1262.png
n/aaradhya1261.png
n/aaradhya1260.png
n/aaradhya1259.png
n/aaradhya1258.png
n/aaradhya1257.png
n/aaradhya1256.png
n/aaradhya1255.png
n/aaradhya1254.png
n/aaradhya1253.png
n/aaradhya1252.png
n/aaradhya1251.png
n/aaradhya1250.png
n/aaradhya1249.png
n/aaradhya1248.png
n/aaradhya1247.png
n/aaradhya1246.png
n/aaradhya1245.png
n/aaradhya1244.png
n/aaradhya1243.png
n/aaradhya1242.png
n/aaradhya1241.png
n/aaradhya1240.png
n/aaradhya1239.png
n/aaradhya1238.png
n/aaradhya1237.png
n/aaradhya1236.png
n/aaradhya1235.png
n/aaradhya1234.png
n/aaradhya1233.png
n/aaradhya1232.png
n/aaradhya1231.png
n/aaradhya1230.png
n/aaradhya1229.png
n/aaradhya1228.png
n/aaradhya1227.png
n/aaradhya1226.png
n/aaradhya1225.png
n/aaradhya1224.png
n/aaradhya1223.png
n/aaradhya1222.png
n/aaradhya1221.png
n/aaradhya1220.png
n/aaradhya1219.png
n/aaradhya1218.png
n/aaradhya1217.png
n/aaradhya1216.png
n/aaradhya1215.png
n/aaradhya1214.png
n/aaradhya1213.png
n/aaradhya1212.png
n/aaradhya1211.png
n/aaradhya1210.png
n/aaradhya1209.png
n/aaradhya1208.png
n/aaradhya1207.png
n/aaradhya1206.png
n/aaradhya1205.png
n/aaradhya1204.png
n/aaradhya1203.png
n/aaradhya1202.png
n/aaradhya1201.png
n/aaradhya1200.png
n/aaradhya1199.png
n/aaradhya1198.png
n/aaradhya1197.png
n/aaradhya1196.png
n/aaradhya1195.png
n/aaradhya1194.png
n/aaradhya1193.png
n/aaradhya1192.png
n/aaradhya1191.png
n/aaradhya1190.png
n/aaradhya1189.png
n/aaradhya1188.png
n/aaradhya1187.png
n/aaradhya1186.png
n/aaradhya1185.png
n/aaradhya1184.png
n/aaradhya1183.png
n/aaradhya1182.png
n/aaradhya1181.png
n/aaradhya1180.png
n/aaradhya1179.png
n/aaradhya1178.png
n/aaradhya1177.png
n/aaradhya1176.png
n/aaradhya1175.png
n/aaradhya1174.png
n/aaradhya1173.png
n/aaradhya1172.png
n/aaradhya1171.png
n/aaradhya1170.png
n/aaradhya1169.png
n/aaradhya1168.png
n/aaradhya1167.png
n/aaradhya1166.png
n/aaradhya1165.png
n/aaradhya1164.png
n/aaradhya1163.png
n/aaradhya1162.png
n/aaradhya1161.png
n/aaradhya1160.png
n/aaradhya1159.png
n/aaradhya1158.png
n/aaradhya1157.png
n/aaradhya1156.png
n/aaradhya1155.png
n/aaradhya1154.png
n/aaradhya1153.png
n/aaradhya1152.png
n/aaradhya1151.png
n/aaradhya1150.png
n/aaradhya1149.png
n/aaradhya1148.png
n/aaradhya1147.png
n/aaradhya1146.png
n/aaradhya1145.png
n/aaradhya1144.png
n/aaradhya1143.png
n/aaradhya1142.png
n/aaradhya1141.png
n/aaradhya1140.png
n/aaradhya1139.png
n/aaradhya1138.png
n/aaradhya1137.png
n/aaradhya1136.png
n/aaradhya1135.png
n/aaradhya1134.png
n/aaradhya1133.png
n/aaradhya1132.png
n/aaradhya1131.png
n/aaradhya1130.png
n/aaradhya1129.png
n/aaradhya1128.png
n/aaradhya1127.png
n/aaradhya1126.png
n/aaradhya1125.png
n/aaradhya1124.png
n/aaradhya1123.png
n/aaradhya1122.png
n/aaradhya1121.png
n/aaradhya1120.png
n/aaradhya1119.png
n/aaradhya1118.png
n/aaradhya1117.png
n/aaradhya1116.png
n/aaradhya1115.png
n/aaradhya1114.png
n/aaradhya1113.png
n/aaradhya1112.png
n/aaradhya1111.png
n/aaradhya1110.png
n/aaradhya1109.png
n/aaradhya1108.png
n/aaradhya1107.png
n/aaradhya1106.png
n/aaradhya1105.png
n/aaradhya1104.png
n/aaradhya1103.png
n/aaradhya1102.png
n/aaradhya1101.png
n/aaradhya1100.png
n/aaradhya1099.png
n/aaradhya1098.png
n/aaradhya1097.png
n/aaradhya1096.png
n/aaradhya1095.png
n/aaradhya1094.png
n/aaradhya1093.png
n/aaradhya1092.png
n/aaradhya1091.png
n/aaradhya1090.png
n/aaradhya1089.png
n/aaradhya1088.png
n/aaradhya1087.png
n/aaradhya1086.png
n/aaradhya1085.png
n/aaradhya1084.png
n/aaradhya1083.png
n/aaradhya1082.png
n/aaradhya1081.png
n/aaradhya1080.png
n/aaradhya1079.png
n/aaradhya1078.png
n/aaradhya1077.png
n/aaradhya1076.png
n/aaradhya1075.png
n/aaradhya1074.png
n/aaradhya1073.png
n/aaradhya1072.png
n/aaradhya1071.png
n/aaradhya1070.png
n/aaradhya1069.png
n/aaradhya1068.png
n/aaradhya1067.png
n/aaradhya1066.png
n/aaradhya1065.png
n/aaradhya1064.png
n/aaradhya1063.png
n/aaradhya1062.png
n/aaradhya1061.png
n/aaradhya1060.png
n/aaradhya1059.png
n/aaradhya1058.png
n/aaradhya1057.png
n/aaradhya1056.png
n/aaradhya1055.png
n/aaradhya1054.png
n/aaradhya1053.png
n/aaradhya1052.png
n/aaradhya1051.png
n/aaradhya1050.png
n/aaradhya1049.png
n/aaradhya1048.png
n/aaradhya1047.png
n/aaradhya1046.png
n/aaradhya1045.png
n/aaradhya1044.png
n/aaradhya1043.png
n/aaradhya1042.png
n/aaradhya1041.png
n/aaradhya1040.png
n/aaradhya1039.png
n/aaradhya1038.png
n/aaradhya1037.png
n/aaradhya1036.png
n/aaradhya1035.png
n/aaradhya1034.png
n/aaradhya1033.png
n/aaradhya1032.png
n/aaradhya1031.png
n/aaradhya1030.png
n/aaradhya1029.png
n/aaradhya1028.png
n/aaradhya1027.png
n/aaradhya1026.png
n/aaradhya1025.png
n/aaradhya1024.png
n/aaradhya1023.png
n/aaradhya1022.png
n/aaradhya1021.png
n/aaradhya1020.png
n/aaradhya1019.png
n/aaradhya1018.png
n/aaradhya1017.png
n/aaradhya1016.png
n/aaradhya1015.png
n/aaradhya1014.png
n/aaradhya1013.png
n/aaradhya1012.png
n/aaradhya1011.png
n/aaradhya1010.png
n/aaradhya1009.png
n/aaradhya1008.png
n/aaradhya1007.png
n/aaradhya1006.png
n/aaradhya1005.png
n/aaradhya1004.png
n/aaradhya1003.png
n/aaradhya1002.png
n/aaradhya1001.png
n/aaradhya1000.png
n/aaradhya999.png
n/aaradhya998.png
n/aaradhya997.png
n/aaradhya996.png
n/aaradhya995.png
n/aaradhya994.png
n/aaradhya993.png
n/aaradhya992.png
n/aaradhya991.png
n/aaradhya990.png
n/aaradhya989.png
n/aaradhya988.png
n/aaradhya987.png
n/aaradhya986.png
n/aaradhya985.png
n/aaradhya984.png
n/aaradhya983.png
n/aaradhya982.png
n/aaradhya981.png
n/aaradhya980.png
n/aaradhya979.png
n/aaradhya978.png
n/aaradhya977.png
n/aaradhya976.png
n/aaradhya975.png
n/aaradhya974.png
n/aaradhya973.png
n/aaradhya972.png
n/aaradhya971.png
n/aaradhya970.png
n/aaradhya969.png
n/aaradhya968.png
n/aaradhya967.png
n/aaradhya966.png
n/aaradhya965.png
n/aaradhya964.png
n/aaradhya963.png
n/aaradhya962.png
n/aaradhya961.png
n/aaradhya960.png
n/aaradhya959.png
n/aaradhya958.png
n/aaradhya957.png
n/aaradhya956.png
n/aaradhya955.png
n/aaradhya954.png
n/aaradhya953.png
n/aaradhya952.png
n/aaradhya951.png
n/aaradhya950.png
n/aaradhya949.png
n/aaradhya948.png
n/aaradhya947.png
n/aaradhya946.png
n/aaradhya945.png
n/aaradhya944.png
n/aaradhya943.png
n/aaradhya942.png
n/aaradhya941.png
n/aaradhya940.png
n/aaradhya939.png
n/aaradhya938.png
n/aaradhya937.png
n/aaradhya936.png
n/aaradhya935.png
n/aaradhya934.png
n/aaradhya933.png
n/aaradhya932.png
n/aaradhya931.png
n/aaradhya930.png
n/aaradhya929.png
n/aaradhya928.png
n/aaradhya927.png
n/aaradhya926.png
n/aaradhya925.png
n/aaradhya924.png
n/aaradhya923.png
n/aaradhya922.png
n/aaradhya921.png
n/aaradhya920.png
n/aaradhya919.png
n/aaradhya918.png
n/aaradhya917.png
n/aaradhya916.png
n/aaradhya915.png
n/aaradhya914.png
n/aaradhya913.png
n/aaradhya912.png
n/aaradhya911.png
n/aaradhya910.png
n/aaradhya909.png
n/aaradhya908.png
n/aaradhya907.png
n/aaradhya906.png
n/aaradhya905.png
n/aaradhya904.png
n/aaradhya903.png
n/aaradhya902.png
n/aaradhya901.png
n/aaradhya900.png
n/aaradhya899.png
n/aaradhya898.png
n/aaradhya897.png
n/aaradhya896.png
n/aaradhya895.png
n/aaradhya894.png
n/aaradhya893.png
n/aaradhya892.png
n/aaradhya891.png
n/aaradhya890.png
n/aaradhya889.png
n/aaradhya888.png
n/aaradhya887.png
n/aaradhya886.png
n/aaradhya885.png
n/aaradhya884.png
n/aaradhya883.png
n/aaradhya882.png
n/aaradhya881.png
n/aaradhya880.png
n/aaradhya879.png
n/aaradhya878.png
n/aaradhya877.png
n/aaradhya876.png
n/aaradhya875.png
n/aaradhya874.png
n/aaradhya873.png
n/aaradhya872.png
n/aaradhya871.png
n/aaradhya870.png
n/aaradhya869.png
n/aaradhya868.png
n/aaradhya867.png
n/aaradhya866.png
n/aaradhya865.png
n/aaradhya864.png
n/aaradhya863.png
n/aaradhya862.png
n/aaradhya861.png
n/aaradhya860.png
n/aaradhya859.png
n/aaradhya858.png
n/aaradhya857.png
n/aaradhya856.png
n/aaradhya855.png
n/aaradhya854.png
n/aaradhya853.png
n/aaradhya852.png
n/aaradhya851.png
n/aaradhya850.png
n/aaradhya849.png
n/aaradhya848.png
n/aaradhya847.png
n/aaradhya846.png
n/aaradhya845.png
n/aaradhya844.png
n/aaradhya843.png
n/aaradhya842.png
n/aaradhya841.png
n/aaradhya840.png
n/aaradhya839.png
n/aaradhya838.png
n/aaradhya837.png
n/aaradhya836.png
n/aaradhya835.png
n/aaradhya834.png
n/aaradhya833.png
n/aaradhya832.png
n/aaradhya831.png
n/aaradhya830.png
n/aaradhya829.png
n/aaradhya828.png
n/aaradhya827.png
n/aaradhya826.png
n/aaradhya825.png
n/aaradhya824.png
n/aaradhya823.png
n/aaradhya822.png
n/aaradhya821.png
n/aaradhya820.png
n/aaradhya819.png
n/aaradhya818.png
n/aaradhya817.png
n/aaradhya816.png
n/aaradhya815.png
n/aaradhya814.png
n/aaradhya813.png
n/aaradhya812.png
n/aaradhya811.png
n/aaradhya810.png
n/aaradhya809.png
n/aaradhya808.png
n/aaradhya807.png
n/aaradhya806.png
n/aaradhya805.png
n/aaradhya804.png
n/aaradhya803.png
n/aaradhya802.png
n/aaradhya801.png
n/aaradhya800.png
n/aaradhya799.png
n/aaradhya798.png
n/aaradhya797.png
n/aaradhya796.png
n/aaradhya795.png
n/aaradhya794.png
n/aaradhya793.png
n/aaradhya792.png
n/aaradhya791.png
n/aaradhya790.png
n/aaradhya789.png
n/aaradhya788.png
n/aaradhya787.png
n/aaradhya786.png
n/aaradhya785.png
n/aaradhya784.png
n/aaradhya783.png
n/aaradhya782.png
n/aaradhya781.png
n/aaradhya780.png
n/aaradhya779.png
n/aaradhya778.png
n/aaradhya777.png
n/aaradhya776.png
n/aaradhya775.png
n/aaradhya774.png
n/aaradhya773.png
n/aaradhya772.png
n/aaradhya771.png
n/aaradhya770.png
n/aaradhya769.png
n/aaradhya768.png
n/aaradhya767.png
n/aaradhya766.png
n/aaradhya765.png
n/aaradhya764.png
n/aaradhya763.png
n/aaradhya762.png
n/aaradhya761.png
n/aaradhya760.png
n/aaradhya759.png
n/aaradhya758.png
n/aaradhya757.png
n/aaradhya756.png
n/aaradhya755.png
n/aaradhya754.png
n/aaradhya753.png
n/aaradhya752.png
n/aaradhya751.png
n/aaradhya750.png
n/aaradhya749.png
n/aaradhya748.png
n/aaradhya747.png
n/aaradhya746.png
n/aaradhya745.png
n/aaradhya744.png
n/aaradhya743.png
n/aaradhya742.png
n/aaradhya741.png
n/aaradhya740.png
n/aaradhya739.png
n/aaradhya738.png
n/aaradhya737.png
n/aaradhya736.png
n/aaradhya735.png
n/aaradhya734.png
n/aaradhya733.png
n/aaradhya732.png
n/aaradhya731.png
n/aaradhya730.png
n/aaradhya729.png
n/aaradhya728.png
n/aaradhya727.png
n/aaradhya726.png
n/aaradhya725.png
n/aaradhya724.png
n/aaradhya723.png
n/aaradhya722.png
n/aaradhya721.png
n/aaradhya720.png
n/aaradhya719.png
n/aaradhya718.png
n/aaradhya717.png
n/aaradhya716.png
n/aaradhya715.png
n/aaradhya714.png
n/aaradhya713.png
n/aaradhya712.png
n/aaradhya711.png
n/aaradhya710.png
n/aaradhya709.png
n/aaradhya708.png
n/aaradhya707.png
n/aaradhya706.png
n/aaradhya705.png
n/aaradhya704.png
n/aaradhya703.png
n/aaradhya702.png
n/aaradhya701.png
n/aaradhya700.png
n/aaradhya699.png
n/aaradhya698.png
n/aaradhya697.png
n/aaradhya696.png
n/aaradhya695.png
n/aaradhya694.png
n/aaradhya693.png
n/aaradhya692.png
n/aaradhya691.png
n/aaradhya690.png
n/aaradhya689.png
n/aaradhya688.png
n/aaradhya687.png
n/aaradhya686.png
n/aaradhya685.png
n/aaradhya684.png
n/aaradhya683.png
n/aaradhya682.png
n/aaradhya681.png
n/aaradhya680.png
n/aaradhya679.png
n/aaradhya678.png
n/aaradhya677.png
n/aaradhya676.png
n/aaradhya675.png
n/aaradhya674.png
n/aaradhya673.png
n/aaradhya672.png
n/aaradhya671.png
n/aaradhya670.png
n/aaradhya669.png
n/aaradhya668.png
n/aaradhya667.png
n/aaradhya666.png
n/aaradhya665.png
n/aaradhya664.png
n/aaradhya663.png
n/aaradhya662.png
n/aaradhya661.png
n/aaradhya660.png
n/aaradhya659.png
n/aaradhya658.png
n/aaradhya657.png
n/aaradhya656.png
n/aaradhya655.png
n/aaradhya654.png
n/aaradhya653.png
n/aaradhya652.png
n/aaradhya651.png
n/aaradhya650.png
n/aaradhya649.png
n/aaradhya648.png
n/aaradhya647.png
n/aaradhya646.png
n/aaradhya645.png
n/aaradhya644.png
n/aaradhya643.png
n/aaradhya642.png
n/aaradhya641.png
n/aaradhya640.png
n/aaradhya639.png
n/aaradhya638.png
n/aaradhya637.png
n/aaradhya636.png
n/aaradhya635.png
n/aaradhya634.png
n/aaradhya633.png
n/aaradhya632.png
n/aaradhya631.png
n/aaradhya630.png
n/aaradhya629.png
n/aaradhya628.png
n/aaradhya627.png
n/aaradhya626.png
n/aaradhya625.png
n/aaradhya624.png
n/aaradhya623.png
n/aaradhya622.png
n/aaradhya621.png
n/aaradhya620.png
n/aaradhya619.png
n/aaradhya618.png
n/aaradhya617.png
n/aaradhya616.png
n/aaradhya615.png
n/aaradhya614.png
n/aaradhya613.png
n/aaradhya612.png
n/aaradhya611.png
n/aaradhya610.png
n/aaradhya609.png
n/aaradhya608.png
n/aaradhya607.png
n/aaradhya606.png
n/aaradhya605.png
n/aaradhya604.png
n/aaradhya603.png
n/aaradhya602.png
n/aaradhya601.png
n/aaradhya600.png
n/aaradhya599.png
n/aaradhya598.png
n/aaradhya597.png
n/aaradhya596.png
n/aaradhya595.png
n/aaradhya594.png
n/aaradhya593.png
n/aaradhya592.png
n/aaradhya591.png
n/aaradhya590.png
n/aaradhya589.png
n/aaradhya588.png
n/aaradhya587.png
n/aaradhya586.png
n/aaradhya585.png
n/aaradhya584.png
n/aaradhya583.png
n/aaradhya582.png
n/aaradhya581.png
n/aaradhya580.png
n/aaradhya579.png
n/aaradhya578.png
n/aaradhya577.png
n/aaradhya576.png
n/aaradhya575.png
n/aaradhya574.png
n/aaradhya573.png
n/aaradhya572.png
n/aaradhya571.png
n/aaradhya570.png
n/aaradhya569.png
n/aaradhya568.png
n/aaradhya567.png
n/aaradhya566.png
n/aaradhya565.png
n/aaradhya564.png
n/aaradhya563.png
n/aaradhya562.png
n/aaradhya561.png
n/aaradhya560.png
n/aaradhya559.png
n/aaradhya558.png
n/aaradhya557.png
n/aaradhya556.png
n/aaradhya555.png
n/aaradhya554.png
n/aaradhya553.png
n/aaradhya552.png
n/aaradhya551.png
n/aaradhya550.png
n/aaradhya549.png
n/aaradhya548.png
n/aaradhya547.png
n/aaradhya546.png
n/aaradhya545.png
n/aaradhya544.png
n/aaradhya543.png
n/aaradhya542.png
n/aaradhya541.png
n/aaradhya540.png
n/aaradhya539.png
n/aaradhya538.png
n/aaradhya537.png
n/aaradhya536.png
n/aaradhya535.png
n/aaradhya534.png
n/aaradhya533.png
n/aaradhya532.png
n/aaradhya531.png
n/aaradhya530.png
n/aaradhya529.png
n/aaradhya528.png
n/aaradhya527.png
n/aaradhya526.png
n/aaradhya525.png
n/aaradhya524.png
n/aaradhya523.png
n/aaradhya522.png
n/aaradhya521.png
n/aaradhya520.png
n/aaradhya519.png
n/aaradhya518.png
n/aaradhya517.png
n/aaradhya516.png
n/aaradhya515.png
n/aaradhya514.png
n/aaradhya513.png
n/aaradhya512.png
n/aaradhya511.png
n/aaradhya510.png
n/aaradhya509.png
n/aaradhya508.png
n/aaradhya507.png
n/aaradhya506.png
n/aaradhya505.png
n/aaradhya504.png
n/aaradhya503.png
n/aaradhya502.png
n/aaradhya501.png
n/aaradhya500.png
n/aaradhya499.png
n/aaradhya498.png
n/aaradhya497.png
n/aaradhya496.png
n/aaradhya495.png
n/aaradhya494.png
n/aaradhya493.png
n/aaradhya492.png
n/aaradhya491.png
n/aaradhya490.png
n/aaradhya489.png
n/aaradhya488.png
n/aaradhya487.png
n/aaradhya486.png
n/aaradhya485.png
n/aaradhya484.png
n/aaradhya483.png
n/aaradhya482.png
n/aaradhya481.png
n/aaradhya480.png
n/aaradhya479.png
n/aaradhya478.png
n/aaradhya477.png
n/aaradhya476.png
n/aaradhya475.png
n/aaradhya474.png
n/aaradhya473.png
n/aaradhya472.png
n/aaradhya471.png
n/aaradhya470.png
n/aaradhya469.png
n/aaradhya468.png
n/aaradhya467.png
n/aaradhya466.png
n/aaradhya465.png
n/aaradhya464.png
n/aaradhya463.png
n/aaradhya462.png
n/aaradhya461.png
n/aaradhya460.png
n/aaradhya459.png
n/aaradhya458.png
n/aaradhya457.png
n/aaradhya456.png
n/aaradhya455.png
n/aaradhya454.png
n/aaradhya453.png
n/aaradhya452.png
n/aaradhya451.png
n/aaradhya450.png
n/aaradhya449.png
n/aaradhya448.png
n/aaradhya447.png
n/aaradhya446.png
n/aaradhya445.png
n/aaradhya444.png
n/aaradhya443.png
n/aaradhya442.png
n/aaradhya441.png
n/aaradhya440.png
n/aaradhya439.png
n/aaradhya438.png
n/aaradhya437.png
n/aaradhya436.png
n/aaradhya435.png
n/aaradhya434.png
n/aaradhya433.png
n/aaradhya432.png
n/aaradhya431.png
n/aaradhya430.png
n/aaradhya429.png
n/aaradhya428.png
n/aaradhya427.png
n/aaradhya426.png
n/aaradhya425.png
n/aaradhya424.png
n/aaradhya423.png
n/aaradhya422.png
n/aaradhya421.png
n/aaradhya420.png
n/aaradhya419.png
n/aaradhya418.png
n/aaradhya417.png
n/aaradhya416.png
n/aaradhya415.png
n/aaradhya414.png
n/aaradhya413.png
n/aaradhya412.png
n/aaradhya411.png
n/aaradhya410.png
n/aaradhya409.png
n/aaradhya408.png
n/aaradhya407.png
n/aaradhya406.png
n/aaradhya405.png
n/aaradhya404.png
n/aaradhya403.png
n/aaradhya402.png
n/aaradhya401.png
n/aaradhya400.png
n/aaradhya399.png
n/aaradhya398.png
n/aaradhya397.png
n/aaradhya396.png
n/aaradhya395.png
n/aaradhya394.png
n/aaradhya393.png
n/aaradhya392.png
n/aaradhya391.png
n/aaradhya390.png
n/aaradhya389.png
n/aaradhya388.png
n/aaradhya387.png
n/aaradhya386.png
n/aaradhya385.png
n/aaradhya384.png
n/aaradhya383.png
n/aaradhya382.png
n/aaradhya381.png
n/aaradhya380.png
n/aaradhya379.png
n/aaradhya378.png
n/aaradhya377.png
n/aaradhya376.png
n/aaradhya375.png
n/aaradhya374.png
n/aaradhya373.png
n/aaradhya372.png
n/aaradhya371.png
n/aaradhya370.png
n/aaradhya369.png
n/aaradhya368.png
n/aaradhya367.png
n/aaradhya366.png
n/aaradhya365.png
n/aaradhya364.png
n/aaradhya363.png
n/aaradhya362.png
n/aaradhya361.png
n/aaradhya360.png
n/aaradhya359.png
n/aaradhya358.png
n/aaradhya357.png
n/aaradhya356.png
n/aaradhya355.png
n/aaradhya354.png
n/aaradhya353.png
n/aaradhya352.png
n/aaradhya351.png
n/aaradhya350.png
n/aaradhya349.png
n/aaradhya348.png
n/aaradhya347.png
n/aaradhya346.png
n/aaradhya345.png
n/aaradhya344.png
n/aaradhya343.png
n/aaradhya342.png
n/aaradhya341.png
n/aaradhya340.png
n/aaradhya339.png
n/aaradhya338.png
n/aaradhya337.png
n/aaradhya336.png
n/aaradhya335.png
n/aaradhya334.png
n/aaradhya333.png
n/aaradhya332.png
n/aaradhya331.png
n/aaradhya330.png
n/aaradhya329.png
n/aaradhya328.png
n/aaradhya327.png
n/aaradhya326.png
n/aaradhya325.png
n/aaradhya324.png
n/aaradhya323.png
n/aaradhya322.png
n/aaradhya321.png
n/aaradhya320.png
n/aaradhya319.png
n/aaradhya318.png
n/aaradhya317.png
n/aaradhya316.png
n/aaradhya315.png
n/aaradhya314.png
n/aaradhya313.png
n/aaradhya312.png
n/aaradhya311.png
n/aaradhya310.png
n/aaradhya309.png
n/aaradhya308.png
n/aaradhya307.png
n/aaradhya306.png
n/aaradhya305.png
n/aaradhya304.png
n/aaradhya303.png
n/aaradhya302.png
n/aaradhya301.png
n/aaradhya300.png
n/aaradhya299.png
n/aaradhya298.png
n/aaradhya297.png
n/aaradhya296.png
n/aaradhya295.png
n/aaradhya294.png
n/aaradhya293.png
n/aaradhya292.png
n/aaradhya291.png
n/aaradhya290.png
n/aaradhya289.png
n/aaradhya288.png
n/aaradhya287.png
n/aaradhya286.png
n/aaradhya285.png
n/aaradhya284.png
n/aaradhya283.png
n/aaradhya282.png
n/aaradhya281.png
n/aaradhya280.png
n/aaradhya279.png
n/aaradhya278.png
n/aaradhya277.png
n/aaradhya276.png
n/aaradhya275.png
n/aaradhya274.png
n/aaradhya273.png
n/aaradhya272.png
n/aaradhya271.png
n/aaradhya270.png
n/aaradhya269.png
n/aaradhya268.png
n/aaradhya267.png
n/aaradhya266.png
n/aaradhya265.png
n/aaradhya264.png
n/aaradhya263.png
n/aaradhya262.png
n/aaradhya261.png
n/aaradhya260.png
n/aaradhya259.png
n/aaradhya258.png
n/aaradhya257.png
n/aaradhya256.png
n/aaradhya255.png
n/aaradhya254.png
n/aaradhya253.png
n/aaradhya252.png
n/aaradhya251.png
n/aaradhya250.png
n/aaradhya249.png
n/aaradhya248.png
n/aaradhya247.png
n/aaradhya246.png
n/aaradhya245.png
n/aaradhya244.png
n/aaradhya243.png
n/aaradhya242.png
n/aaradhya241.png
n/aaradhya240.png
n/aaradhya239.png
n/aaradhya238.png
n/aaradhya237.png
n/aaradhya236.png
n/aaradhya235.png
n/aaradhya234.png
n/aaradhya233.png
n/aaradhya232.png
n/aaradhya231.png
n/aaradhya230.png
n/aaradhya229.png
n/aaradhya228.png
n/aaradhya227.png
n/aaradhya226.png
n/aaradhya225.png
n/aaradhya224.png
n/aaradhya223.png
n/aaradhya222.png
n/aaradhya221.png
n/aaradhya220.png
n/aaradhya219.png
n/aaradhya218.png
n/aaradhya217.png
n/aaradhya216.png
n/aaradhya215.png
n/aaradhya214.png
n/aaradhya213.png
n/aaradhya212.png
n/aaradhya211.png
n/aaradhya210.png
n/aaradhya209.png
n/aaradhya208.png
n/aaradhya207.png
n/aaradhya206.png
n/aaradhya205.png
n/aaradhya204.png
n/aaradhya203.png
n/aaradhya202.png
n/aaradhya201.png
n/aaradhya200.png
n/aaradhya199.png
n/aaradhya198.png
n/aaradhya197.png
n/aaradhya196.png
n/aaradhya195.png
n/aaradhya194.png
n/aaradhya193.png
n/aaradhya192.png
n/aaradhya191.png
n/aaradhya190.png
n/aaradhya189.png
n/aaradhya188.png
n/aaradhya187.png
n/aaradhya186.png
n/aaradhya185.png
n/aaradhya184.png
n/aaradhya183.png
n/aaradhya182.png
n/aaradhya181.png
n/aaradhya180.png
n/aaradhya179.png
n/aaradhya178.png
n/aaradhya177.png
n/aaradhya176.png
n/aaradhya175.png
n/aaradhya174.png
n/aaradhya173.png
n/aaradhya172.png
n/aaradhya171.png
n/aaradhya170.png
n/aaradhya169.png
n/aaradhya168.png
n/aaradhya167.png
n/aaradhya166.png
n/aaradhya165.png
n/aaradhya164.png
n/aaradhya163.png
n/aaradhya162.png
n/aaradhya161.png
n/aaradhya160.png
n/aaradhya159.png
n/aaradhya158.png
n/aaradhya157.png
n/aaradhya156.png
n/aaradhya155.png
n/aaradhya154.png
n/aaradhya153.png
n/aaradhya152.png
n/aaradhya151.png
n/aaradhya150.png
n/aaradhya149.png
n/aaradhya148.png
n/aaradhya147.png
n/aaradhya146.png
n/aaradhya145.png
n/aaradhya144.png
n/aaradhya143.png
n/aaradhya142.png
n/aaradhya141.png
n/aaradhya140.png
n/aaradhya139.png
n/aaradhya138.png
n/aaradhya137.png
n/aaradhya136.png
n/aaradhya135.png
n/aaradhya134.png
n/aaradhya133.png
n/aaradhya132.png
n/aaradhya131.png
n/aaradhya130.png
n/aaradhya129.png
n/aaradhya128.png
n/aaradhya127.png
n/aaradhya126.png
n/aaradhya125.png
n/aaradhya124.png
n/aaradhya123.png
n/aaradhya122.png
n/aaradhya121.png
n/aaradhya120.png
n/aaradhya119.png
n/aaradhya118.png
n/aaradhya117.png
n/aaradhya116.png
n/aaradhya115.png
n/aaradhya114.png
n/aaradhya113.png
n/aaradhya112.png
n/aaradhya111.png
n/aaradhya110.png
n/aaradhya109.png
n/aaradhya108.png
n/aaradhya107.png
n/aaradhya106.png
n/aaradhya105.png
n/aaradhya104.png
n/aaradhya103.png
n/aaradhya102.png
n/aaradhya101.png
n/aaradhya100.png
n/aaradhya99.png
n/aaradhya98.png
n/aaradhya97.png
n/aaradhya96.png
n/aaradhya95.png
n/aaradhya94.png
n/aaradhya93.png
n/aaradhya92.png
n/aaradhya91.png
n/aaradhya90.png
n/aaradhya89.png
n/aaradhya88.png
n/aaradhya87.png
n/aaradhya86.png
n/aaradhya85.png
n/aaradhya84.png
n/aaradhya83.png
n/aaradhya82.png
n/aaradhya81.png
n/aaradhya80.png
n/aaradhya79.png
n/aaradhya78.png
n/aaradhya77.png
n/aaradhya76.png
n/aaradhya75.png
n/aaradhya74.png
n/aaradhya73.png
n/aaradhya72.png
n/aaradhya71.png
n/aaradhya70.png
n/aaradhya69.png
n/aaradhya68.png
n/aaradhya67.png
n/aaradhya66.png
n/aaradhya65.png
n/aaradhya64.png
n/aaradhya63.png
n/aaradhya62.png
n/aaradhya61.png
n/aaradhya60.png
n/aaradhya59.png
n/aaradhya58.png
n/aaradhya57.png
n/aaradhya56.png
n/aaradhya55.png
n/aaradhya54.png
n/aaradhya53.png
n/aaradhya52.png
n/aaradhya51.png
n/aaradhya50.png
n/aaradhya49.png
n/aaradhya48.png
n/aaradhya47.png
n/aaradhya46.png
n/aaradhya45.png
n/aaradhya44.png
n/aaradhya43.png
n/aaradhya42.png
n/aaradhya41.png
n/aaradhya40.png
n/aaradhya39.png
n/aaradhya38.png
n/aaradhya37.png
n/aaradhya36.png
n/aaradhya35.png
n/aaradhya34.png
n/aaradhya33.png
n/aaradhya32.png
n/aaradhya31.png
n/aaradhya30.png
n/aaradhya29.png
n/aaradhya28.png
n/aaradhya27.png
n/aaradhya26.png
n/aaradhya25.png
n/aaradhya24.png
n/aaradhya23.png
n/aaradhya22.png
n/aaradhya21.png
n/aaradhya20.png
n/aaradhya19.png
n/aaradhya18.png
n/aaradhya17.png
n/aaradhya16.png
n/aaradhya15.png
n/aaradhya14.png
n/aaradhya13.png
n/aaradhya12.png
n/aaradhya11.png
n/aaradhya10.png
n/aaradhya9.png
n/aaradhya8.png
n/aaradhya7.png
n/aaradhya6.png
n/aaradhya5.png
n/aaradhya4.png
n/aaradhya3.png
n/aaradhya2.png
n/aaradhya1.png
n/aaradhya0.png